
> #Author: Pawar, Date:09/04/2025, Purpose: Test the correlation
> 
> if(!require(devtools)) install.packages("devtools") devtools::install_github("kassambara/ggpubr")
Error: unexpected symbol in "if(!require(devtools)) install.packages("devtools") devtools"
> if(!require("devtools");install.packages("devtools");devtools::install_gothub("kassambara/ggpubr")
Error: unexpected ';' in "if(!require("devtools");"
> if(!require("devtools"))install.packages("devtools");devtools::install_github("kassambara/ggpubr")
Loading required package: devtools
--- Please select a CRAN mirror for use in this session ---
also installing the dependencies ‘Rcpp’, ‘utf8’, ‘askpass’, ‘credentials’, ‘sys’, ‘zip’, ‘gitcreds’, ‘ini’, ‘fastmap’, ‘httpuv’, ‘mime’, ‘xtable’, ‘sourcetools’, ‘later’, ‘promises’, ‘base64enc’, ‘jquerylib’, ‘sass’, ‘fansi’, ‘systemfonts’, ‘textshaping’, ‘tinytex’, ‘xfun’, ‘pillar’, ‘pkgconfig’, ‘highr’, ‘diffobj’, ‘clipr’, ‘crayon’, ‘curl’, ‘gert’, ‘gh’, ‘glue’, ‘jsonlite’, ‘purrr’, ‘rappdirs’, ‘rprojroot’, ‘rstudioapi’, ‘whisker’, ‘yaml’, ‘R6’, ‘cachem’, ‘shiny’, ‘htmltools’, ‘callr’, ‘processx’, ‘bslib’, ‘downlit’, ‘fontawesome’, ‘httr2’, ‘openssl’, ‘ragg’, ‘rmarkdown’, ‘tibble’, ‘xml2’, ‘htmlwidgets’, ‘vctrs’, ‘digest’, ‘prettyunits’, ‘xopen’, ‘brew’, ‘commonmark’, ‘knitr’, ‘stringi’, ‘stringr’, ‘cpp11’, ‘brio’, ‘evaluate’, ‘magrittr’, ‘praise’, ‘ps’, ‘waldo’, ‘usethis’, ‘cli’, ‘desc’, ‘ellipsis’, ‘fs’, ‘lifecycle’, ‘memoise’, ‘miniUI’, ‘pkgbuild’, ‘pkgdown’, ‘pkgload’, ‘profvis’, ‘rcmdcheck’, ‘remotes’, ‘rlang’, ‘roxygen2’, ‘rversions’, ‘sessioninfo’, ‘testthat’, ‘urlchecker’, ‘withr’


  There is a binary version available but the source version is later:
        binary source needs_compilation
stringr  1.5.1  1.5.2             FALSE

trying URL 'https://mirror.las.iastate.edu/CRAN/bin/windows/contrib/4.5/Rcpp_1.1.0.zip'
trying URL 'https://mirror.las.iastate.edu/CRAN/bin/windows/contrib/4.5/utf8_1.2.6.zip'
trying URL 'https://mirror.las.iastate.edu/CRAN/bin/windows/contrib/4.5/askpass_1.2.1.zip'
trying URL 'https://mirror.las.iastate.edu/CRAN/bin/windows/contrib/4.5/credentials_2.0.2.zip'
trying URL 'https://mirror.las.iastate.edu/CRAN/bin/windows/contrib/4.5/sys_3.4.3.zip'
trying URL 'https://mirror.las.iastate.edu/CRAN/bin/windows/contrib/4.5/zip_2.3.3.zip'
trying URL 'https://mirror.las.iastate.edu/CRAN/bin/windows/contrib/4.5/gitcreds_0.1.2.zip'
trying URL 'https://mirror.las.iastate.edu/CRAN/bin/windows/contrib/4.5/ini_0.3.1.zip'
trying URL 'https://mirror.las.iastate.edu/CRAN/bin/windows/contrib/4.5/fastmap_1.2.0.zip'
trying URL 'https://mirror.las.iastate.edu/CRAN/bin/windows/contrib/4.5/httpuv_1.6.16.zip'
trying URL 'https://mirror.las.iastate.edu/CRAN/bin/windows/contrib/4.5/mime_0.13.zip'
trying URL 'https://mirror.las.iastate.edu/CRAN/bin/windows/contrib/4.5/xtable_1.8-4.zip'
trying URL 'https://mirror.las.iastate.edu/CRAN/bin/windows/contrib/4.5/sourcetools_0.1.7-1.zip'
trying URL 'https://mirror.las.iastate.edu/CRAN/bin/windows/contrib/4.5/later_1.4.4.zip'
trying URL 'https://mirror.las.iastate.edu/CRAN/bin/windows/contrib/4.5/promises_1.3.3.zip'
trying URL 'https://mirror.las.iastate.edu/CRAN/bin/windows/contrib/4.5/base64enc_0.1-3.zip'
trying URL 'https://mirror.las.iastate.edu/CRAN/bin/windows/contrib/4.5/jquerylib_0.1.4.zip'
trying URL 'https://mirror.las.iastate.edu/CRAN/bin/windows/contrib/4.5/sass_0.4.10.zip'
trying URL 'https://mirror.las.iastate.edu/CRAN/bin/windows/contrib/4.5/fansi_1.0.6.zip'
trying URL 'https://mirror.las.iastate.edu/CRAN/bin/windows/contrib/4.5/systemfonts_1.2.3.zip'
trying URL 'https://mirror.las.iastate.edu/CRAN/bin/windows/contrib/4.5/textshaping_1.0.3.zip'
trying URL 'https://mirror.las.iastate.edu/CRAN/bin/windows/contrib/4.5/tinytex_0.57.zip'
trying URL 'https://mirror.las.iastate.edu/CRAN/bin/windows/contrib/4.5/xfun_0.53.zip'
trying URL 'https://mirror.las.iastate.edu/CRAN/bin/windows/contrib/4.5/pillar_1.11.0.zip'
trying URL 'https://mirror.las.iastate.edu/CRAN/bin/windows/contrib/4.5/pkgconfig_2.0.3.zip'
trying URL 'https://mirror.las.iastate.edu/CRAN/bin/windows/contrib/4.5/highr_0.11.zip'
trying URL 'https://mirror.las.iastate.edu/CRAN/bin/windows/contrib/4.5/diffobj_0.3.6.zip'
trying URL 'https://mirror.las.iastate.edu/CRAN/bin/windows/contrib/4.5/clipr_0.8.0.zip'
trying URL 'https://mirror.las.iastate.edu/CRAN/bin/windows/contrib/4.5/crayon_1.5.3.zip'
trying URL 'https://mirror.las.iastate.edu/CRAN/bin/windows/contrib/4.5/curl_7.0.0.zip'
trying URL 'https://mirror.las.iastate.edu/CRAN/bin/windows/contrib/4.5/gert_2.1.5.zip'
trying URL 'https://mirror.las.iastate.edu/CRAN/bin/windows/contrib/4.5/gh_1.5.0.zip'
trying URL 'https://mirror.las.iastate.edu/CRAN/bin/windows/contrib/4.5/glue_1.8.0.zip'
trying URL 'https://mirror.las.iastate.edu/CRAN/bin/windows/contrib/4.5/jsonlite_2.0.0.zip'
trying URL 'https://mirror.las.iastate.edu/CRAN/bin/windows/contrib/4.5/purrr_1.1.0.zip'
trying URL 'https://mirror.las.iastate.edu/CRAN/bin/windows/contrib/4.5/rappdirs_0.3.3.zip'
trying URL 'https://mirror.las.iastate.edu/CRAN/bin/windows/contrib/4.5/rprojroot_2.1.1.zip'
trying URL 'https://mirror.las.iastate.edu/CRAN/bin/windows/contrib/4.5/rstudioapi_0.17.1.zip'
trying URL 'https://mirror.las.iastate.edu/CRAN/bin/windows/contrib/4.5/whisker_0.4.1.zip'
trying URL 'https://mirror.las.iastate.edu/CRAN/bin/windows/contrib/4.5/yaml_2.3.10.zip'
trying URL 'https://mirror.las.iastate.edu/CRAN/bin/windows/contrib/4.5/R6_2.6.1.zip'
trying URL 'https://mirror.las.iastate.edu/CRAN/bin/windows/contrib/4.5/cachem_1.1.0.zip'
trying URL 'https://mirror.las.iastate.edu/CRAN/bin/windows/contrib/4.5/shiny_1.11.1.zip'
trying URL 'https://mirror.las.iastate.edu/CRAN/bin/windows/contrib/4.5/htmltools_0.5.8.1.zip'
trying URL 'https://mirror.las.iastate.edu/CRAN/bin/windows/contrib/4.5/callr_3.7.6.zip'
trying URL 'https://mirror.las.iastate.edu/CRAN/bin/windows/contrib/4.5/processx_3.8.6.zip'
trying URL 'https://mirror.las.iastate.edu/CRAN/bin/windows/contrib/4.5/bslib_0.9.0.zip'
trying URL 'https://mirror.las.iastate.edu/CRAN/bin/windows/contrib/4.5/downlit_0.4.4.zip'
trying URL 'https://mirror.las.iastate.edu/CRAN/bin/windows/contrib/4.5/fontawesome_0.5.3.zip'
trying URL 'https://mirror.las.iastate.edu/CRAN/bin/windows/contrib/4.5/httr2_1.2.1.zip'
trying URL 'https://mirror.las.iastate.edu/CRAN/bin/windows/contrib/4.5/openssl_2.3.3.zip'
trying URL 'https://mirror.las.iastate.edu/CRAN/bin/windows/contrib/4.5/ragg_1.5.0.zip'
trying URL 'https://mirror.las.iastate.edu/CRAN/bin/windows/contrib/4.5/rmarkdown_2.29.zip'
trying URL 'https://mirror.las.iastate.edu/CRAN/bin/windows/contrib/4.5/tibble_3.3.0.zip'
trying URL 'https://mirror.las.iastate.edu/CRAN/bin/windows/contrib/4.5/xml2_1.4.0.zip'
trying URL 'https://mirror.las.iastate.edu/CRAN/bin/windows/contrib/4.5/htmlwidgets_1.6.4.zip'
trying URL 'https://mirror.las.iastate.edu/CRAN/bin/windows/contrib/4.5/vctrs_0.6.5.zip'
trying URL 'https://mirror.las.iastate.edu/CRAN/bin/windows/contrib/4.5/digest_0.6.37.zip'
trying URL 'https://mirror.las.iastate.edu/CRAN/bin/windows/contrib/4.5/prettyunits_1.2.0.zip'
trying URL 'https://mirror.las.iastate.edu/CRAN/bin/windows/contrib/4.5/xopen_1.0.1.zip'
trying URL 'https://mirror.las.iastate.edu/CRAN/bin/windows/contrib/4.5/brew_1.0-10.zip'
trying URL 'https://mirror.las.iastate.edu/CRAN/bin/windows/contrib/4.5/commonmark_2.0.0.zip'
trying URL 'https://mirror.las.iastate.edu/CRAN/bin/windows/contrib/4.5/knitr_1.50.zip'
trying URL 'https://mirror.las.iastate.edu/CRAN/bin/windows/contrib/4.5/stringi_1.8.7.zip'
trying URL 'https://mirror.las.iastate.edu/CRAN/bin/windows/contrib/4.5/cpp11_0.5.2.zip'
trying URL 'https://mirror.las.iastate.edu/CRAN/bin/windows/contrib/4.5/brio_1.1.5.zip'
trying URL 'https://mirror.las.iastate.edu/CRAN/bin/windows/contrib/4.5/evaluate_1.0.5.zip'
trying URL 'https://mirror.las.iastate.edu/CRAN/bin/windows/contrib/4.5/magrittr_2.0.3.zip'
trying URL 'https://mirror.las.iastate.edu/CRAN/bin/windows/contrib/4.5/praise_1.0.0.zip'
trying URL 'https://mirror.las.iastate.edu/CRAN/bin/windows/contrib/4.5/ps_1.9.1.zip'
trying URL 'https://mirror.las.iastate.edu/CRAN/bin/windows/contrib/4.5/waldo_0.6.2.zip'
trying URL 'https://mirror.las.iastate.edu/CRAN/bin/windows/contrib/4.5/usethis_3.2.1.zip'
trying URL 'https://mirror.las.iastate.edu/CRAN/bin/windows/contrib/4.5/cli_3.6.5.zip'
trying URL 'https://mirror.las.iastate.edu/CRAN/bin/windows/contrib/4.5/desc_1.4.3.zip'
trying URL 'https://mirror.las.iastate.edu/CRAN/bin/windows/contrib/4.5/ellipsis_0.3.2.zip'
trying URL 'https://mirror.las.iastate.edu/CRAN/bin/windows/contrib/4.5/fs_1.6.6.zip'
trying URL 'https://mirror.las.iastate.edu/CRAN/bin/windows/contrib/4.5/lifecycle_1.0.4.zip'
trying URL 'https://mirror.las.iastate.edu/CRAN/bin/windows/contrib/4.5/memoise_2.0.1.zip'
trying URL 'https://mirror.las.iastate.edu/CRAN/bin/windows/contrib/4.5/miniUI_0.1.2.zip'
trying URL 'https://mirror.las.iastate.edu/CRAN/bin/windows/contrib/4.5/pkgbuild_1.4.8.zip'
trying URL 'https://mirror.las.iastate.edu/CRAN/bin/windows/contrib/4.5/pkgdown_2.1.3.zip'
trying URL 'https://mirror.las.iastate.edu/CRAN/bin/windows/contrib/4.5/pkgload_1.4.0.zip'
trying URL 'https://mirror.las.iastate.edu/CRAN/bin/windows/contrib/4.5/profvis_0.4.0.zip'
trying URL 'https://mirror.las.iastate.edu/CRAN/bin/windows/contrib/4.5/rcmdcheck_1.4.0.zip'
trying URL 'https://mirror.las.iastate.edu/CRAN/bin/windows/contrib/4.5/remotes_2.5.0.zip'
trying URL 'https://mirror.las.iastate.edu/CRAN/bin/windows/contrib/4.5/rlang_1.1.6.zip'
trying URL 'https://mirror.las.iastate.edu/CRAN/bin/windows/contrib/4.5/roxygen2_7.3.3.zip'
trying URL 'https://mirror.las.iastate.edu/CRAN/bin/windows/contrib/4.5/rversions_2.1.2.zip'
trying URL 'https://mirror.las.iastate.edu/CRAN/bin/windows/contrib/4.5/sessioninfo_1.2.3.zip'
trying URL 'https://mirror.las.iastate.edu/CRAN/bin/windows/contrib/4.5/testthat_3.2.3.zip'
trying URL 'https://mirror.las.iastate.edu/CRAN/bin/windows/contrib/4.5/urlchecker_1.0.1.zip'
trying URL 'https://mirror.las.iastate.edu/CRAN/bin/windows/contrib/4.5/withr_3.0.2.zip'
trying URL 'https://mirror.las.iastate.edu/CRAN/bin/windows/contrib/4.5/devtools_2.4.5.zip'
package ‘Rcpp’ successfully unpacked and MD5 sums checked
package ‘utf8’ successfully unpacked and MD5 sums checked
package ‘askpass’ successfully unpacked and MD5 sums checked
package ‘credentials’ successfully unpacked and MD5 sums checked
package ‘sys’ successfully unpacked and MD5 sums checked
package ‘zip’ successfully unpacked and MD5 sums checked
package ‘gitcreds’ successfully unpacked and MD5 sums checked
package ‘ini’ successfully unpacked and MD5 sums checked
package ‘fastmap’ successfully unpacked and MD5 sums checked
package ‘httpuv’ successfully unpacked and MD5 sums checked
package ‘mime’ successfully unpacked and MD5 sums checked
package ‘xtable’ successfully unpacked and MD5 sums checked
package ‘sourcetools’ successfully unpacked and MD5 sums checked
package ‘later’ successfully unpacked and MD5 sums checked
package ‘promises’ successfully unpacked and MD5 sums checked
package ‘base64enc’ successfully unpacked and MD5 sums checked
package ‘jquerylib’ successfully unpacked and MD5 sums checked
package ‘sass’ successfully unpacked and MD5 sums checked
package ‘fansi’ successfully unpacked and MD5 sums checked
package ‘systemfonts’ successfully unpacked and MD5 sums checked
package ‘textshaping’ successfully unpacked and MD5 sums checked
package ‘tinytex’ successfully unpacked and MD5 sums checked
package ‘xfun’ successfully unpacked and MD5 sums checked
package ‘pillar’ successfully unpacked and MD5 sums checked
package ‘pkgconfig’ successfully unpacked and MD5 sums checked
package ‘highr’ successfully unpacked and MD5 sums checked
package ‘diffobj’ successfully unpacked and MD5 sums checked
package ‘clipr’ successfully unpacked and MD5 sums checked
package ‘crayon’ successfully unpacked and MD5 sums checked
package ‘curl’ successfully unpacked and MD5 sums checked
package ‘gert’ successfully unpacked and MD5 sums checked
package ‘gh’ successfully unpacked and MD5 sums checked
package ‘glue’ successfully unpacked and MD5 sums checked
package ‘jsonlite’ successfully unpacked and MD5 sums checked
package ‘purrr’ successfully unpacked and MD5 sums checked
package ‘rappdirs’ successfully unpacked and MD5 sums checked
package ‘rprojroot’ successfully unpacked and MD5 sums checked
package ‘rstudioapi’ successfully unpacked and MD5 sums checked
package ‘whisker’ successfully unpacked and MD5 sums checked
package ‘yaml’ successfully unpacked and MD5 sums checked
package ‘R6’ successfully unpacked and MD5 sums checked
package ‘cachem’ successfully unpacked and MD5 sums checked
package ‘shiny’ successfully unpacked and MD5 sums checked
package ‘htmltools’ successfully unpacked and MD5 sums checked
package ‘callr’ successfully unpacked and MD5 sums checked
package ‘processx’ successfully unpacked and MD5 sums checked
package ‘bslib’ successfully unpacked and MD5 sums checked
package ‘downlit’ successfully unpacked and MD5 sums checked
package ‘fontawesome’ successfully unpacked and MD5 sums checked
package ‘httr2’ successfully unpacked and MD5 sums checked
package ‘openssl’ successfully unpacked and MD5 sums checked
package ‘ragg’ successfully unpacked and MD5 sums checked
package ‘rmarkdown’ successfully unpacked and MD5 sums checked
package ‘tibble’ successfully unpacked and MD5 sums checked
package ‘xml2’ successfully unpacked and MD5 sums checked
package ‘htmlwidgets’ successfully unpacked and MD5 sums checked
package ‘vctrs’ successfully unpacked and MD5 sums checked
package ‘digest’ successfully unpacked and MD5 sums checked
package ‘prettyunits’ successfully unpacked and MD5 sums checked
package ‘xopen’ successfully unpacked and MD5 sums checked
package ‘brew’ successfully unpacked and MD5 sums checked
package ‘commonmark’ successfully unpacked and MD5 sums checked
package ‘knitr’ successfully unpacked and MD5 sums checked
package ‘stringi’ successfully unpacked and MD5 sums checked
package ‘cpp11’ successfully unpacked and MD5 sums checked
package ‘brio’ successfully unpacked and MD5 sums checked
package ‘evaluate’ successfully unpacked and MD5 sums checked
package ‘magrittr’ successfully unpacked and MD5 sums checked
package ‘praise’ successfully unpacked and MD5 sums checked
package ‘ps’ successfully unpacked and MD5 sums checked
package ‘waldo’ successfully unpacked and MD5 sums checked
package ‘usethis’ successfully unpacked and MD5 sums checked
package ‘cli’ successfully unpacked and MD5 sums checked
package ‘desc’ successfully unpacked and MD5 sums checked
package ‘ellipsis’ successfully unpacked and MD5 sums checked
package ‘fs’ successfully unpacked and MD5 sums checked
package ‘lifecycle’ successfully unpacked and MD5 sums checked
package ‘memoise’ successfully unpacked and MD5 sums checked
package ‘miniUI’ successfully unpacked and MD5 sums checked
package ‘pkgbuild’ successfully unpacked and MD5 sums checked
package ‘pkgdown’ successfully unpacked and MD5 sums checked
package ‘pkgload’ successfully unpacked and MD5 sums checked
package ‘profvis’ successfully unpacked and MD5 sums checked
package ‘rcmdcheck’ successfully unpacked and MD5 sums checked
package ‘remotes’ successfully unpacked and MD5 sums checked
package ‘rlang’ successfully unpacked and MD5 sums checked
package ‘roxygen2’ successfully unpacked and MD5 sums checked
package ‘rversions’ successfully unpacked and MD5 sums checked
package ‘sessioninfo’ successfully unpacked and MD5 sums checked
package ‘testthat’ successfully unpacked and MD5 sums checked
package ‘urlchecker’ successfully unpacked and MD5 sums checked
package ‘withr’ successfully unpacked and MD5 sums checked
package ‘devtools’ successfully unpacked and MD5 sums checked

The downloaded binary packages are in
        C:\Users\Pburnside\AppData\Local\Temp\Rtmpod5AnD\downloaded_packages
installing the source package ‘stringr’

trying URL 'https://mirror.las.iastate.edu/CRAN/src/contrib/stringr_1.5.2.tar.gz'
Content type 'application/x-gzip' length 178018 bytes (173 KB)
downloaded 173 KB

* installing *source* package 'stringr' ...
** this is package 'stringr' version '1.5.2'
** package 'stringr' successfully unpacked and MD5 sums checked
** using staged installation
** R
** data
*** moving datasets to lazyload DB
** inst
** byte-compile and prepare package for lazy loading
** help
*** installing help indices
*** copying figures
** building package indices
** installing vignettes
** testing if installed package can be loaded from temporary location
** testing if installed package can be loaded from final location
** testing if installed package keeps a record of temporary installation path
* DONE (stringr)

The downloaded source packages are in
        ‘C:\Users\Pburnside\AppData\Local\Temp\Rtmpod5AnD\downloaded_packages’
Warning message:
In library(package, lib.loc = lib.loc, character.only = TRUE, logical.return = TRUE,  :
  there is no package called ‘devtools’
WARNING: Rtools is required to build R packages, but is not currently installed.

Please download and install Rtools 4.5 from https://cran.r-project.org/bin/windows/Rtools/.
Downloading GitHub repo kassambara/ggpubr@HEAD
Installing 43 packages: rbibutils, S7, isoband, gtable, Rdpack, tidyselect, microbenchmark, modelr, ggplot2, Deriv, cowplot, tidyr, generics, backports, viridisLite, RColorBrewer, labeling, farver, MatrixModels, SparseM, doBy, numDeriv, dplyr, broom, RcppEigen, reformulas, nloptr, minqa, scales, lme4, quantreg, pbkrtest, Formula, abind, carData, car, corrplot, rstatix, polynom, gridExtra, ggsignif, ggsci, ggrepel

  There is a binary version available but the source version is later:
        binary source needs_compilation
ggplot2  3.5.2  4.0.0             FALSE

trying URL 'https://mirror.las.iastate.edu/CRAN/bin/windows/contrib/4.5/rbibutils_2.3.zip'
trying URL 'https://mirror.las.iastate.edu/CRAN/bin/windows/contrib/4.5/S7_0.2.0.zip'
trying URL 'https://mirror.las.iastate.edu/CRAN/bin/windows/contrib/4.5/isoband_0.2.7.zip'
trying URL 'https://mirror.las.iastate.edu/CRAN/bin/windows/contrib/4.5/gtable_0.3.6.zip'
trying URL 'https://mirror.las.iastate.edu/CRAN/bin/windows/contrib/4.5/Rdpack_2.6.4.zip'
trying URL 'https://mirror.las.iastate.edu/CRAN/bin/windows/contrib/4.5/tidyselect_1.2.1.zip'
trying URL 'https://mirror.las.iastate.edu/CRAN/bin/windows/contrib/4.5/microbenchmark_1.5.0.zip'
trying URL 'https://mirror.las.iastate.edu/CRAN/bin/windows/contrib/4.5/modelr_0.1.11.zip'
trying URL 'https://mirror.las.iastate.edu/CRAN/bin/windows/contrib/4.5/Deriv_4.2.0.zip'
trying URL 'https://mirror.las.iastate.edu/CRAN/bin/windows/contrib/4.5/cowplot_1.2.0.zip'
trying URL 'https://mirror.las.iastate.edu/CRAN/bin/windows/contrib/4.5/tidyr_1.3.1.zip'
trying URL 'https://mirror.las.iastate.edu/CRAN/bin/windows/contrib/4.5/generics_0.1.4.zip'
trying URL 'https://mirror.las.iastate.edu/CRAN/bin/windows/contrib/4.5/backports_1.5.0.zip'
trying URL 'https://mirror.las.iastate.edu/CRAN/bin/windows/contrib/4.5/viridisLite_0.4.2.zip'
trying URL 'https://mirror.las.iastate.edu/CRAN/bin/windows/contrib/4.5/RColorBrewer_1.1-3.zip'
trying URL 'https://mirror.las.iastate.edu/CRAN/bin/windows/contrib/4.5/labeling_0.4.3.zip'
trying URL 'https://mirror.las.iastate.edu/CRAN/bin/windows/contrib/4.5/farver_2.1.2.zip'
trying URL 'https://mirror.las.iastate.edu/CRAN/bin/windows/contrib/4.5/MatrixModels_0.5-4.zip'
trying URL 'https://mirror.las.iastate.edu/CRAN/bin/windows/contrib/4.5/SparseM_1.84-2.zip'
trying URL 'https://mirror.las.iastate.edu/CRAN/bin/windows/contrib/4.5/doBy_4.7.0.zip'
trying URL 'https://mirror.las.iastate.edu/CRAN/bin/windows/contrib/4.5/numDeriv_2016.8-1.1.zip'
trying URL 'https://mirror.las.iastate.edu/CRAN/bin/windows/contrib/4.5/dplyr_1.1.4.zip'
trying URL 'https://mirror.las.iastate.edu/CRAN/bin/windows/contrib/4.5/broom_1.0.9.zip'
trying URL 'https://mirror.las.iastate.edu/CRAN/bin/windows/contrib/4.5/RcppEigen_0.3.4.0.2.zip'
trying URL 'https://mirror.las.iastate.edu/CRAN/bin/windows/contrib/4.5/reformulas_0.4.1.zip'
trying URL 'https://mirror.las.iastate.edu/CRAN/bin/windows/contrib/4.5/nloptr_2.2.1.zip'
trying URL 'https://mirror.las.iastate.edu/CRAN/bin/windows/contrib/4.5/minqa_1.2.8.zip'
trying URL 'https://mirror.las.iastate.edu/CRAN/bin/windows/contrib/4.5/scales_1.4.0.zip'
trying URL 'https://mirror.las.iastate.edu/CRAN/bin/windows/contrib/4.5/lme4_1.1-37.zip'
trying URL 'https://mirror.las.iastate.edu/CRAN/bin/windows/contrib/4.5/quantreg_6.1.zip'
trying URL 'https://mirror.las.iastate.edu/CRAN/bin/windows/contrib/4.5/pbkrtest_0.5.5.zip'
trying URL 'https://mirror.las.iastate.edu/CRAN/bin/windows/contrib/4.5/Formula_1.2-5.zip'
trying URL 'https://mirror.las.iastate.edu/CRAN/bin/windows/contrib/4.5/abind_1.4-8.zip'
trying URL 'https://mirror.las.iastate.edu/CRAN/bin/windows/contrib/4.5/carData_3.0-5.zip'
trying URL 'https://mirror.las.iastate.edu/CRAN/bin/windows/contrib/4.5/car_3.1-3.zip'
trying URL 'https://mirror.las.iastate.edu/CRAN/bin/windows/contrib/4.5/corrplot_0.95.zip'
trying URL 'https://mirror.las.iastate.edu/CRAN/bin/windows/contrib/4.5/rstatix_0.7.2.zip'
trying URL 'https://mirror.las.iastate.edu/CRAN/bin/windows/contrib/4.5/polynom_1.4-1.zip'
trying URL 'https://mirror.las.iastate.edu/CRAN/bin/windows/contrib/4.5/gridExtra_2.3.zip'
trying URL 'https://mirror.las.iastate.edu/CRAN/bin/windows/contrib/4.5/ggsignif_0.6.4.zip'
trying URL 'https://mirror.las.iastate.edu/CRAN/bin/windows/contrib/4.5/ggsci_3.2.0.zip'
trying URL 'https://mirror.las.iastate.edu/CRAN/bin/windows/contrib/4.5/ggrepel_0.9.6.zip'
package ‘rbibutils’ successfully unpacked and MD5 sums checked
package ‘S7’ successfully unpacked and MD5 sums checked
package ‘isoband’ successfully unpacked and MD5 sums checked
package ‘gtable’ successfully unpacked and MD5 sums checked
package ‘Rdpack’ successfully unpacked and MD5 sums checked
package ‘tidyselect’ successfully unpacked and MD5 sums checked
package ‘microbenchmark’ successfully unpacked and MD5 sums checked
package ‘modelr’ successfully unpacked and MD5 sums checked
package ‘Deriv’ successfully unpacked and MD5 sums checked
package ‘cowplot’ successfully unpacked and MD5 sums checked
package ‘tidyr’ successfully unpacked and MD5 sums checked
package ‘generics’ successfully unpacked and MD5 sums checked
package ‘backports’ successfully unpacked and MD5 sums checked
package ‘viridisLite’ successfully unpacked and MD5 sums checked
package ‘RColorBrewer’ successfully unpacked and MD5 sums checked
package ‘labeling’ successfully unpacked and MD5 sums checked
package ‘farver’ successfully unpacked and MD5 sums checked
package ‘MatrixModels’ successfully unpacked and MD5 sums checked
package ‘SparseM’ successfully unpacked and MD5 sums checked
package ‘doBy’ successfully unpacked and MD5 sums checked
package ‘numDeriv’ successfully unpacked and MD5 sums checked
package ‘dplyr’ successfully unpacked and MD5 sums checked
package ‘broom’ successfully unpacked and MD5 sums checked
package ‘RcppEigen’ successfully unpacked and MD5 sums checked
package ‘reformulas’ successfully unpacked and MD5 sums checked
package ‘nloptr’ successfully unpacked and MD5 sums checked
package ‘minqa’ successfully unpacked and MD5 sums checked
package ‘scales’ successfully unpacked and MD5 sums checked
package ‘lme4’ successfully unpacked and MD5 sums checked
package ‘quantreg’ successfully unpacked and MD5 sums checked
package ‘pbkrtest’ successfully unpacked and MD5 sums checked
package ‘Formula’ successfully unpacked and MD5 sums checked
package ‘abind’ successfully unpacked and MD5 sums checked
package ‘carData’ successfully unpacked and MD5 sums checked
package ‘car’ successfully unpacked and MD5 sums checked
package ‘corrplot’ successfully unpacked and MD5 sums checked
package ‘rstatix’ successfully unpacked and MD5 sums checked
package ‘polynom’ successfully unpacked and MD5 sums checked
package ‘gridExtra’ successfully unpacked and MD5 sums checked
package ‘ggsignif’ successfully unpacked and MD5 sums checked
package ‘ggsci’ successfully unpacked and MD5 sums checked
package ‘ggrepel’ successfully unpacked and MD5 sums checked

The downloaded binary packages are in
        C:\Users\Pburnside\AppData\Local\Temp\Rtmpod5AnD\downloaded_packages
installing the source package ‘ggplot2’

trying URL 'https://mirror.las.iastate.edu/CRAN/src/contrib/ggplot2_4.0.0.tar.gz'
Content type 'application/x-gzip' length 3810397 bytes (3.6 MB)
downloaded 3.6 MB

* installing *source* package 'ggplot2' ...
** this is package 'ggplot2' version '4.0.0'
** package 'ggplot2' successfully unpacked and MD5 sums checked
** using staged installation
** R
** data
*** moving datasets to lazyload DB
** inst
** byte-compile and prepare package for lazy loading
** help
*** installing help indices
*** copying figures
** building package indices
** installing vignettes
** testing if installed package can be loaded from temporary location
** testing if installed package can be loaded from final location
** testing if installed package keeps a record of temporary installation path
* DONE (ggplot2)

The downloaded source packages are in
        ‘C:\Users\Pburnside\AppData\Local\Temp\Rtmpod5AnD\downloaded_packages’
── R CMD build ─────────────────────────────────────────────────────────────────
WARNING: Rtools is required to build R packages, but is not currently installed.

Please download and install Rtools 4.5 from https://cran.r-project.org/bin/windows/Rtools/.
  
  
  
   checking for file 'C:\Users\Pburnside\AppData\Local\Temp\Rtmpod5AnD\remotes1ecc32f37b0c\kassambara-ggpubr-283bc61/DESCRIPTION' ...
  
   checking for file 'C:\Users\Pburnside\AppData\Local\Temp\Rtmpod5AnD\remotes1ecc32f37b0c\kassambara-ggpubr-283bc61/DESCRIPTION' ... 
  
✔  checking for file 'C:\Users\Pburnside\AppData\Local\Temp\Rtmpod5AnD\remotes1ecc32f37b0c\kassambara-ggpubr-283bc61/DESCRIPTION' (1.4s)

  
  
  
─  preparing 'ggpubr': (1.1s)
   checking DESCRIPTION meta-information ...
  
   checking DESCRIPTION meta-information ... 
  
✔  checking DESCRIPTION meta-information

  
  
  
─  checking for LF line-endings in source and make files and shell scripts (578ms)

  
  
  
─  checking for empty or unneeded directories

  
  
  
─  building 'ggpubr_0.6.1.999.tar.gz' (1.7s)

  
   

* installing *source* package 'ggpubr' ...
** this is package 'ggpubr' version '0.6.1.999'
** using staged installation
** R
** data
*** moving datasets to lazyload DB
** inst
** byte-compile and prepare package for lazy loading
** help
*** installing help indices
** building package indices
** testing if installed package can be loaded from temporary location
** testing if installed package can be loaded from final location
** testing if installed package keeps a record of temporary installation path
* DONE (ggpubr)
> # Load the library ggpubr
> library9ggpubr)
Error: unexpected ')' in "library9ggpubr)"
> library(ggpubr)
Loading required package: ggplot2
> 
> my_data <- mtcars 
> 
> my_data <- mtcars
> head(my_data,6)
                   mpg cyl disp  hp drat    wt  qsec vs am gear carb
Mazda RX4         21.0   6  160 110 3.90 2.620 16.46  0  1    4    4
Mazda RX4 Wag     21.0   6  160 110 3.90 2.875 17.02  0  1    4    4
Datsun 710        22.8   4  108  93 3.85 2.320 18.61  1  1    4    1
Hornet 4 Drive    21.4   6  258 110 3.08 3.215 19.44  1  0    3    1
Hornet Sportabout 18.7   8  360 175 3.15 3.440 17.02  0  0    3    2
Valiant           18.1   6  225 105 2.76 3.460 20.22  1  0    3    1
> ggscatter(my_data, x = "mpg", y = "wt", add = "reg.line", conf.int = TRUE, cor.coef = TRUE, cor.method = "pearson", xlab = "Miles/(US) gallon", ylab = "Weight (1000 lbs)")
> res <- cor.test(my_data$wt, my_data$mpg, method = "pearson") 
> 
> res

        Pearson's product-moment correlation

data:  my_data$wt and my_data$mpg
t = -9.559, df = 30, p-value = 1.294e-10
alternative hypothesis: true correlation is not equal to 0
95 percent confidence interval:
 -0.9338264 -0.7440872
sample estimates:
       cor 
-0.8676594 

> res2 <-cor.test(my_data$wt, my_data$mpg, method = "spearman")
Warning message:
In cor.test.default(my_data$wt, my_data$mpg, method = "spearman") :
  Cannot compute exact p-value with ties
> res2

        Spearman's rank correlation rho

data:  my_data$wt and my_data$mpg
S = 10292, p-value = 1.488e-11
alternative hypothesis: true rho is not equal to 0
sample estimates:
      rho 
-0.886422 

> save.image("C:\\Users\\Pburnside\\Documents\\Correlation Test workspace")
Warning messages:
1: In grid.Call.graphics(C_polygon, x$x, x$y, index) :
  semi-transparency is not supported on this device: reported only once per page
2: In grid.Call.graphics(C_polygon, x$x, x$y, index) :
  semi-transparency is not supported on this device: reported only once per page
3: In grid.Call.graphics(C_polygon, x$x, x$y, index) :
  semi-transparency is not supported on this device: reported only once per page
> save.image("C:\\Users\\Pburnside\\OneDrive\\Correlation Test workspace")
> 
